2021-03-31T11:43:31.545+0800	INFO	TCP转发请求192.168.0.197:80<->192.168.0.50:44336
2021-03-31T11:43:31.958+0800	INFO	TCP转发请求192.168.0.197:82<->192.168.0.50:56136
2021-03-31T11:43:32.773+0800	INFO	检测到远程TCP连接：192.168.0.197:8001<->192.168.0.50:60004
2021-03-31T11:43:33.380+0800	INFO	TCP转发请求192.168.0.197:81<->192.168.0.50:37538
2021-03-31T11:43:33.773+0800	INFO	TCP转发请求192.168.0.197:89<->192.168.0.50:41070
2021-03-31T11:43:34.191+0800	INFO	检测到远程TCP连接：192.168.0.197:9999<->192.168.0.50:33914
2021-03-31T11:43:34.457+0800	INFO	TCP转发请求192.168.0.197:80<->192.168.0.50:48278
2021-03-31T11:43:34.457+0800	INFO	TCP转发请求192.168.0.197:81<->192.168.0.50:38820
2021-03-31T11:43:34.457+0800	INFO	TCP转发请求192.168.0.197:82<->192.168.0.50:59660
2021-03-31T11:43:34.458+0800	INFO	TCP转发请求192.168.0.197:89<->192.168.0.50:41856
2021-03-31T11:43:34.458+0800	INFO	检测到远程TCP连接：192.168.0.197:8001<->192.168.0.50:33988
2021-03-31T11:43:34.459+0800	INFO	检测到远程TCP连接：192.168.0.197:9999<->192.168.0.50:34062
2021-03-31T11:43:40.465+0800	INFO	TCP转发请求192.168.0.197:89<->192.168.0.50:41866
2021-03-31T11:43:50.504+0800	INFO	TCP转发请求192.168.0.197:81<->192.168.0.50:38844
2021-03-31T11:43:50.504+0800	INFO	TCP转发请求192.168.0.197:89<->192.168.0.50:41878
2021-03-31T11:43:50.505+0800	INFO	TCP转发请求192.168.0.197:89<->192.168.0.50:41880
2021-03-31T11:43:50.505+0800	INFO	TCP转发请求192.168.0.197:81<->192.168.0.50:38850
2021-03-31T11:43:50.506+0800	INFO	TCP转发请求192.168.0.197:80<->192.168.0.50:48312
2021-03-31T11:43:50.506+0800	INFO	TCP转发请求192.168.0.197:82<->192.168.0.50:59692
2021-03-31T11:43:50.507+0800	INFO	TCP转发请求192.168.0.197:89<->192.168.0.50:41890
2021-03-31T11:43:50.507+0800	INFO	TCP转发请求192.168.0.197:89<->192.168.0.50:41892
2021-03-31T11:43:50.508+0800	INFO	TCP转发请求192.168.0.197:80<->192.168.0.50:48326
2021-03-31T11:43:50.509+0800	INFO	TCP转发请求192.168.0.197:80<->192.168.0.50:48332
2021-03-31T11:43:50.510+0800	INFO	TCP转发请求192.168.0.197:81<->192.168.0.50:38878
2021-03-31T11:43:50.510+0800	INFO	TCP转发请求192.168.0.197:82<->192.168.0.50:59718
2021-03-31T11:43:50.511+0800	INFO	TCP转发请求192.168.0.197:82<->192.168.0.50:59720
2021-03-31T11:43:50.511+0800	INFO	TCP转发请求192.168.0.197:81<->192.168.0.50:38884
2021-03-31T11:43:50.697+0800	INFO	TCP转发请求192.168.0.197:89<->192.168.0.50:41920
2021-03-31T11:43:50.703+0800	INFO	TCP转发请求192.168.0.197:81<->192.168.0.50:38890
2021-03-31T11:43:50.706+0800	INFO	TCP转发请求192.168.0.197:80<->192.168.0.50:48352
2021-03-31T11:43:50.707+0800	INFO	TCP转发请求192.168.0.197:82<->192.168.0.50:59732
2021-03-31T11:43:50.709+0800	INFO	TCP转发请求192.168.0.197:80<->192.168.0.50:48356
2021-03-31T11:43:50.763+0800	INFO	TCP转发请求192.168.0.197:81<->192.168.0.50:38900
2021-03-31T11:43:50.764+0800	INFO	TCP转发请求192.168.0.197:82<->192.168.0.50:59740
2021-03-31T11:43:50.765+0800	INFO	TCP转发请求192.168.0.197:81<->192.168.0.50:38906
2021-03-31T11:43:50.767+0800	INFO	TCP转发请求192.168.0.197:81<->192.168.0.50:38908
2021-03-31T11:43:50.767+0800	INFO	TCP转发请求192.168.0.197:82<->192.168.0.50:59758
2021-03-31T11:43:50.767+0800	INFO	TCP转发请求192.168.0.197:81<->192.168.0.50:38910
2021-03-31T11:43:50.767+0800	INFO	TCP转发请求192.168.0.197:81<->192.168.0.50:38914
2021-03-31T11:43:50.767+0800	INFO	TCP转发请求192.168.0.197:82<->192.168.0.50:59762
2021-03-31T11:43:50.768+0800	INFO	TCP转发请求192.168.0.197:81<->192.168.0.50:38926
2021-03-31T11:43:50.876+0800	INFO	TCP转发请求192.168.0.197:89<->192.168.0.50:41960
2021-03-31T11:43:50.876+0800	INFO	TCP转发请求192.168.0.197:80<->192.168.0.50:48390
2021-03-31T11:43:50.876+0800	INFO	TCP转发请求192.168.0.197:82<->192.168.0.50:59770
2021-03-31T11:43:50.927+0800	INFO	TCP转发请求192.168.0.197:81<->192.168.0.50:38936
2021-03-31T11:43:50.927+0800	INFO	TCP转发请求192.168.0.197:81<->192.168.0.50:38938
2021-03-31T11:43:50.929+0800	INFO	TCP转发请求192.168.0.197:82<->192.168.0.50:59780
2021-03-31T11:43:50.929+0800	INFO	TCP转发请求192.168.0.197:82<->192.168.0.50:59784
2021-03-31T11:43:50.929+0800	INFO	TCP转发请求192.168.0.197:89<->192.168.0.50:41980
2021-03-31T11:43:50.982+0800	INFO	TCP转发请求192.168.0.197:80<->192.168.0.50:48410
2021-03-31T11:43:50.982+0800	INFO	TCP转发请求192.168.0.197:89<->192.168.0.50:41984
2021-03-31T11:43:50.982+0800	INFO	TCP转发请求192.168.0.197:89<->192.168.0.50:41986
2021-03-31T11:43:50.982+0800	INFO	TCP转发请求192.168.0.197:89<->192.168.0.50:41988
2021-03-31T11:43:50.983+0800	INFO	TCP转发请求192.168.0.197:89<->192.168.0.50:41994
2021-03-31T11:43:50.983+0800	INFO	TCP转发请求192.168.0.197:81<->192.168.0.50:38966
2021-03-31T11:43:50.983+0800	INFO	TCP转发请求192.168.0.197:80<->192.168.0.50:48428
2021-03-31T11:43:51.036+0800	INFO	TCP转发请求192.168.0.197:89<->192.168.0.50:42002
2021-03-31T11:43:51.036+0800	INFO	TCP转发请求192.168.0.197:80<->192.168.0.50:48432
2021-03-31T11:43:51.037+0800	INFO	TCP转发请求192.168.0.197:82<->192.168.0.50:59812
2021-03-31T11:43:51.089+0800	INFO	TCP转发请求192.168.0.197:81<->192.168.0.50:38978
2021-03-31T11:43:51.089+0800	INFO	TCP转发请求192.168.0.197:81<->192.168.0.50:38980
2021-03-31T11:43:51.089+0800	INFO	TCP转发请求192.168.0.197:82<->192.168.0.50:59820
2021-03-31T11:43:51.141+0800	INFO	TCP转发请求192.168.0.197:89<->192.168.0.50:42016
2021-03-31T11:43:51.142+0800	INFO	TCP转发请求192.168.0.197:80<->192.168.0.50:48448
2021-03-31T11:43:51.142+0800	INFO	TCP转发请求192.168.0.197:82<->192.168.0.50:59830
2021-03-31T11:43:51.142+0800	INFO	TCP转发请求192.168.0.197:82<->192.168.0.50:59832
2021-03-31T11:43:51.195+0800	INFO	TCP转发请求192.168.0.197:89<->192.168.0.50:42028
2021-03-31T11:43:51.196+0800	INFO	TCP转发请求192.168.0.197:82<->192.168.0.50:59836
2021-03-31T11:43:51.197+0800	INFO	TCP转发请求192.168.0.197:80<->192.168.0.50:48460
2021-03-31T11:43:51.198+0800	INFO	检测到远程TCP连接：192.168.0.197:8001<->192.168.0.50:34162
2021-03-31T11:43:51.199+0800	INFO	TCP转发请求192.168.0.197:89<->192.168.0.50:42036
2021-03-31T11:43:51.201+0800	INFO	TCP转发请求192.168.0.197:89<->192.168.0.50:42038
2021-03-31T11:43:51.204+0800	INFO	TCP转发请求192.168.0.197:80<->192.168.0.50:48468
2021-03-31T11:43:51.205+0800	INFO	TCP转发请求192.168.0.197:82<->192.168.0.50:59848
2021-03-31T11:43:51.257+0800	INFO	TCP转发请求192.168.0.197:81<->192.168.0.50:39012
2021-03-31T11:43:51.257+0800	INFO	TCP转发请求192.168.0.197:81<->192.168.0.50:39014
2021-03-31T11:43:51.257+0800	INFO	TCP转发请求192.168.0.197:82<->192.168.0.50:59854
2021-03-31T11:43:51.313+0800	INFO	TCP转发请求192.168.0.197:89<->192.168.0.50:42052
2021-03-31T11:43:51.319+0800	INFO	TCP转发请求192.168.0.197:82<->192.168.0.50:59862
2021-03-31T11:43:51.370+0800	INFO	TCP转发请求192.168.0.197:89<->192.168.0.50:42058
2021-03-31T11:43:51.371+0800	INFO	TCP转发请求192.168.0.197:89<->192.168.0.50:42060
2021-03-31T11:43:51.372+0800	INFO	TCP转发请求192.168.0.197:89<->192.168.0.50:42062
2021-03-31T11:43:51.372+0800	INFO	TCP转发请求192.168.0.197:89<->192.168.0.50:42066
2021-03-31T11:43:51.372+0800	INFO	TCP转发请求192.168.0.197:89<->192.168.0.50:42068
2021-03-31T11:43:51.372+0800	INFO	TCP转发请求192.168.0.197:80<->192.168.0.50:48498
2021-03-31T11:43:51.373+0800	INFO	TCP转发请求192.168.0.197:82<->192.168.0.50:59878
2021-03-31T11:43:51.427+0800	INFO	TCP转发请求192.168.0.197:81<->192.168.0.50:39042
2021-03-31T11:43:51.429+0800	INFO	TCP转发请求192.168.0.197:82<->192.168.0.50:59882
2021-03-31T11:43:51.431+0800	INFO	TCP转发请求192.168.0.197:82<->192.168.0.50:59886
2021-03-31T11:43:51.432+0800	INFO	TCP转发请求192.168.0.197:89<->192.168.0.50:42082
2021-03-31T11:43:51.490+0800	INFO	TCP转发请求192.168.0.197:81<->192.168.0.50:39054
2021-03-31T11:43:51.492+0800	INFO	TCP转发请求192.168.0.197:89<->192.168.0.50:42088
2021-03-31T11:43:51.493+0800	INFO	TCP转发请求192.168.0.197:82<->192.168.0.50:59898
2021-03-31T11:43:51.547+0800	INFO	TCP转发请求192.168.0.197:89<->192.168.0.50:42094
2021-03-31T11:43:51.548+0800	INFO	TCP转发请求192.168.0.197:80<->192.168.0.50:48526
2021-03-31T11:43:51.601+0800	INFO	TCP转发请求192.168.0.197:81<->192.168.0.50:39068
2021-03-31T11:43:51.601+0800	INFO	TCP转发请求192.168.0.197:82<->192.168.0.50:59908
2021-03-31T11:43:51.603+0800	INFO	TCP转发请求192.168.0.197:82<->192.168.0.50:59912
2021-03-31T11:43:51.603+0800	INFO	TCP转发请求192.168.0.197:82<->192.168.0.50:59914
2021-03-31T11:43:51.603+0800	INFO	TCP转发请求192.168.0.197:82<->192.168.0.50:59916
2021-03-31T11:43:51.604+0800	INFO	TCP转发请求192.168.0.197:81<->192.168.0.50:39080
2021-03-31T11:43:51.604+0800	INFO	TCP转发请求192.168.0.197:80<->192.168.0.50:48546
2021-03-31T11:43:51.658+0800	INFO	TCP转发请求192.168.0.197:81<->192.168.0.50:39090
2021-03-31T11:43:51.660+0800	INFO	TCP转发请求192.168.0.197:89<->192.168.0.50:42124
2021-03-31T11:43:51.661+0800	INFO	TCP转发请求192.168.0.197:82<->192.168.0.50:59934
2021-03-31T11:43:51.662+0800	INFO	TCP转发请求192.168.0.197:89<->192.168.0.50:42130
2021-03-31T11:43:51.662+0800	INFO	TCP转发请求192.168.0.197:82<->192.168.0.50:59938
2021-03-31T11:43:51.663+0800	INFO	TCP转发请求192.168.0.197:81<->192.168.0.50:39102
2021-03-31T11:43:51.714+0800	INFO	TCP转发请求192.168.0.197:89<->192.168.0.50:42136
2021-03-31T11:43:51.714+0800	INFO	TCP转发请求192.168.0.197:80<->192.168.0.50:48566
2021-03-31T11:43:51.766+0800	INFO	TCP转发请求192.168.0.197:82<->192.168.0.50:59946
2021-03-31T11:43:51.824+0800	INFO	TCP转发请求192.168.0.197:89<->192.168.0.50:42148
2021-03-31T11:43:51.826+0800	INFO	TCP转发请求192.168.0.197:89<->192.168.0.50:42152
2021-03-31T11:43:51.828+0800	INFO	TCP转发请求192.168.0.197:81<->192.168.0.50:39124
2021-03-31T11:43:51.828+0800	INFO	TCP转发请求192.168.0.197:81<->192.168.0.50:39126
2021-03-31T11:43:51.828+0800	INFO	TCP转发请求192.168.0.197:80<->192.168.0.50:48588
2021-03-31T11:43:51.830+0800	INFO	TCP转发请求192.168.0.197:89<->192.168.0.50:42168
2021-03-31T11:43:51.880+0800	INFO	TCP转发请求192.168.0.197:89<->192.168.0.50:42170
2021-03-31T11:43:51.880+0800	INFO	TCP转发请求192.168.0.197:82<->192.168.0.50:59978
2021-03-31T11:43:51.881+0800	INFO	TCP转发请求192.168.0.197:80<->192.168.0.50:48606
2021-03-31T11:43:51.935+0800	INFO	TCP转发请求192.168.0.197:82<->192.168.0.50:59986
2021-03-31T11:43:51.935+0800	INFO	TCP转发请求192.168.0.197:89<->192.168.0.50:42182
2021-03-31T11:43:51.990+0800	INFO	TCP转发请求192.168.0.197:89<->192.168.0.50:42190
2021-03-31T11:43:52.044+0800	INFO	TCP转发请求192.168.0.197:80<->192.168.0.50:48620
2021-03-31T11:43:52.044+0800	INFO	TCP转发请求192.168.0.197:82<->192.168.0.50:60000
2021-03-31T11:43:52.045+0800	INFO	TCP转发请求192.168.0.197:82<->192.168.0.50:60002
2021-03-31T11:43:52.045+0800	INFO	检测到远程TCP连接：192.168.0.197:9999<->192.168.0.50:34400
2021-03-31T11:43:52.045+0800	INFO	TCP转发请求192.168.0.197:82<->192.168.0.50:60006
2021-03-31T11:43:52.045+0800	INFO	TCP转发请求192.168.0.197:82<->192.168.0.50:60010
2021-03-31T11:43:52.046+0800	INFO	TCP转发请求192.168.0.197:82<->192.168.0.50:60014
2021-03-31T11:43:52.046+0800	INFO	TCP转发请求192.168.0.197:81<->192.168.0.50:39180
2021-03-31T11:43:52.097+0800	INFO	TCP转发请求192.168.0.197:82<->192.168.0.50:60020
2021-03-31T11:43:52.098+0800	INFO	TCP转发请求192.168.0.197:89<->192.168.0.50:42216
2021-03-31T11:43:52.099+0800	INFO	TCP转发请求192.168.0.197:81<->192.168.0.50:39194
2021-03-31T11:43:52.153+0800	INFO	TCP转发请求192.168.0.197:89<->192.168.0.50:42228
2021-03-31T11:43:52.206+0800	INFO	TCP转发请求192.168.0.197:80<->192.168.0.50:48658
2021-03-31T11:43:52.209+0800	INFO	TCP转发请求192.168.0.197:82<->192.168.0.50:60038
2021-03-31T11:43:52.211+0800	INFO	TCP转发请求192.168.0.197:89<->192.168.0.50:42234
2021-03-31T11:43:52.263+0800	INFO	TCP转发请求192.168.0.197:82<->192.168.0.50:60042
2021-03-31T11:43:52.265+0800	INFO	TCP转发请求192.168.0.197:81<->192.168.0.50:39210
2021-03-31T11:43:52.265+0800	INFO	TCP转发请求192.168.0.197:89<->192.168.0.50:42244
2021-03-31T11:43:52.265+0800	INFO	TCP转发请求192.168.0.197:81<->192.168.0.50:39216
2021-03-31T11:43:52.265+0800	INFO	TCP转发请求192.168.0.197:81<->192.168.0.50:39218
2021-03-31T11:43:52.265+0800	INFO	TCP转发请求192.168.0.197:89<->192.168.0.50:42254
2021-03-31T11:43:52.316+0800	INFO	TCP转发请求192.168.0.197:89<->192.168.0.50:42260
2021-03-31T11:43:52.316+0800	INFO	TCP转发请求192.168.0.197:80<->192.168.0.50:48690
2021-03-31T11:43:52.317+0800	INFO	TCP转发请求192.168.0.197:89<->192.168.0.50:42264
2021-03-31T11:43:52.318+0800	INFO	正在请求的域名：id.server
2021-03-31T11:43:52.318+0800	INFO	TCP转发请求192.168.0.197:81<->192.168.0.50:39234
2021-03-31T11:43:52.369+0800	INFO	TCP转发请求192.168.0.197:80<->192.168.0.50:48698
2021-03-31T11:43:52.477+0800	INFO	TCP转发请求192.168.0.197:81<->192.168.0.50:39250
2021-03-31T11:43:52.477+0800	INFO	TCP转发请求192.168.0.197:80<->192.168.0.50:48712
2021-03-31T11:43:52.478+0800	INFO	TCP转发请求192.168.0.197:81<->192.168.0.50:39254
2021-03-31T11:43:52.478+0800	INFO	TCP转发请求192.168.0.197:80<->192.168.0.50:48716
2021-03-31T11:43:52.478+0800	INFO	TCP转发请求192.168.0.197:82<->192.168.0.50:60096
2021-03-31T11:43:52.478+0800	INFO	TCP转发请求192.168.0.197:80<->192.168.0.50:48720
2021-03-31T11:43:52.478+0800	INFO	TCP转发请求192.168.0.197:89<->192.168.0.50:42296
2021-03-31T11:43:52.478+0800	INFO	TCP转发请求192.168.0.197:89<->192.168.0.50:42298
2021-03-31T11:43:52.478+0800	INFO	TCP转发请求192.168.0.197:80<->192.168.0.50:48722
2021-03-31T11:43:52.529+0800	INFO	TCP转发请求192.168.0.197:80<->192.168.0.50:48728
2021-03-31T11:43:52.529+0800	INFO	TCP转发请求192.168.0.197:80<->192.168.0.50:48730
2021-03-31T11:43:52.529+0800	INFO	TCP转发请求192.168.0.197:82<->192.168.0.50:60110
2021-03-31T11:43:52.643+0800	INFO	TCP转发请求192.168.0.197:81<->192.168.0.50:39282
2021-03-31T11:43:52.645+0800	INFO	TCP转发请求192.168.0.197:82<->192.168.0.50:60122
2021-03-31T11:43:52.646+0800	INFO	TCP转发请求192.168.0.197:80<->192.168.0.50:48746
2021-03-31T11:43:52.698+0800	INFO	TCP转发请求192.168.0.197:80<->192.168.0.50:48748
2021-03-31T11:43:52.810+0800	INFO	TCP转发请求192.168.0.197:81<->192.168.0.50:39298
2021-03-31T11:43:52.812+0800	INFO	TCP转发请求192.168.0.197:80<->192.168.0.50:48760
2021-03-31T11:43:52.863+0800	INFO	TCP转发请求192.168.0.197:80<->192.168.0.50:48762
2021-03-31T11:43:52.972+0800	INFO	TCP转发请求192.168.0.197:81<->192.168.0.50:39306
2021-03-31T11:43:52.974+0800	INFO	TCP转发请求192.168.0.197:80<->192.168.0.50:48768
2021-03-31T11:43:53.131+0800	INFO	TCP转发请求192.168.0.197:81<->192.168.0.50:39312
2021-03-31T11:43:53.184+0800	INFO	TCP转发请求192.168.0.197:80<->192.168.0.50:48774
2021-03-31T11:43:53.292+0800	INFO	TCP转发请求192.168.0.197:81<->192.168.0.50:39318
2021-03-31T11:43:53.346+0800	INFO	TCP转发请求192.168.0.197:80<->192.168.0.50:48780
2021-03-31T11:43:53.454+0800	INFO	TCP转发请求192.168.0.197:81<->192.168.0.50:39324
2021-03-31T11:43:53.611+0800	INFO	TCP转发请求192.168.0.197:81<->192.168.0.50:39328
2021-03-31T11:43:53.768+0800	INFO	TCP转发请求192.168.0.197:81<->192.168.0.50:39332
2021-03-31T11:43:55.533+0800	INFO	检测到远程TCP连接：192.168.0.197:8001<->192.168.0.50:34494
2021-03-31T11:43:55.534+0800	INFO	检测到远程TCP连接：192.168.0.197:9999<->192.168.0.50:34568
2021-03-31T11:43:56.470+0800	INFO	正在请求的域名：version.bind
2021-03-31T11:44:00.530+0800	INFO	TCP转发请求192.168.0.197:89<->192.168.0.50:42376
2021-03-31T11:44:00.530+0800	INFO	TCP转发请求192.168.0.197:80<->192.168.0.50:48806
2021-03-31T11:44:00.531+0800	INFO	TCP转发请求192.168.0.197:82<->192.168.0.50:60186
2021-03-31T11:44:00.534+0800	INFO	TCP转发请求192.168.0.197:81<->192.168.0.50:39352
2021-03-31T11:44:00.541+0800	INFO	TCP转发请求192.168.0.197:89<->192.168.0.50:42388
2021-03-31T11:44:00.541+0800	INFO	TCP转发请求192.168.0.197:80<->192.168.0.50:48818
2021-03-31T11:44:00.541+0800	INFO	TCP转发请求192.168.0.197:82<->192.168.0.50:60198
2021-03-31T11:44:00.542+0800	INFO	TCP转发请求192.168.0.197:81<->192.168.0.50:39364
2021-04-01T10:04:11.028+0800	INFO	UDP转发请求：0.0.0.0:9306<->127.0.0.1:53
2021-04-01T10:04:11.028+0800	INFO	UDP转发请求：0.0.0.0:80<->127.0.0.1:7777
2021-04-01T10:04:11.028+0800	INFO	UDP转发请求：0.0.0.0:82<->127.0.0.1:7777
2021-04-01T10:04:11.028+0800	INFO	UDP转发请求：0.0.0.0:81<->127.0.0.1:7777
2021-04-01T10:04:11.029+0800	INFO	UDP转发请求：0.0.0.0:89<->127.0.0.1:7777
2021-04-01T10:26:01.732+0800	INFO	UDP转发请求：0.0.0.0:9306<->127.0.0.1:53
2021-04-01T10:26:01.733+0800	INFO	UDP转发请求：0.0.0.0:89<->127.0.0.1:7777
2021-04-01T10:26:01.732+0800	INFO	UDP转发请求：0.0.0.0:82<->127.0.0.1:7777
2021-04-01T10:26:01.733+0800	INFO	UDP转发请求：0.0.0.0:80<->127.0.0.1:7777
2021-04-01T10:26:01.733+0800	INFO	UDP转发请求：0.0.0.0:81<->127.0.0.1:7777
2021-04-01T10:26:01.772+0800	INFO	检测到有进程非法连接恶意IP0[System Process]
2021-04-01T10:26:03.064+0800	INFO	检测到有进程非法连接恶意IP17596Feishu.exe
2021-04-01T10:27:28.793+0800	INFO	UDP转发请求：0.0.0.0:9306<->127.0.0.1:53
2021-04-01T10:27:28.793+0800	INFO	UDP转发请求：0.0.0.0:89<->127.0.0.1:7777
2021-04-01T10:27:28.793+0800	INFO	UDP转发请求：0.0.0.0:82<->127.0.0.1:7777
2021-04-01T10:27:28.794+0800	INFO	UDP转发请求：0.0.0.0:81<->127.0.0.1:7777
2021-04-01T10:27:28.794+0800	INFO	UDP转发请求：0.0.0.0:80<->127.0.0.1:7777
2021-04-01T10:27:36.892+0800	INFO	UDP转发请求：0.0.0.0:82<->127.0.0.1:7777
2021-04-01T10:27:36.892+0800	INFO	UDP转发请求：0.0.0.0:9306<->127.0.0.1:53
2021-04-01T10:27:36.892+0800	INFO	UDP转发请求：0.0.0.0:89<->127.0.0.1:7777
2021-04-01T10:27:36.893+0800	INFO	UDP转发请求：0.0.0.0:81<->127.0.0.1:7777
2021-04-01T10:27:36.893+0800	INFO	UDP转发请求：0.0.0.0:80<->127.0.0.1:7777
2021-04-01T10:27:46.922+0800	INFO	检测到有进程非法连接恶意IP0[System Process]
2021-04-01T10:27:48.222+0800	INFO	检测到有进程非法连接恶意IP17596Feishu.exe
2021-04-01T10:27:58.984+0800	INFO	检测到有进程非法连接恶意IP0[System Process]
2021-04-01T10:28:00.204+0800	INFO	检测到有进程非法连接恶意IP17596Feishu.exe
2021-04-01T10:28:06.652+0800	INFO	UDP转发请求：0.0.0.0:9306<->127.0.0.1:53
2021-04-01T10:28:06.652+0800	INFO	UDP转发请求：0.0.0.0:82<->127.0.0.1:7777
2021-04-01T10:28:06.652+0800	INFO	UDP转发请求：0.0.0.0:81<->127.0.0.1:7777
2021-04-01T10:28:06.652+0800	INFO	UDP转发请求：0.0.0.0:89<->127.0.0.1:7777
2021-04-01T10:28:06.652+0800	INFO	UDP转发请求：0.0.0.0:80<->127.0.0.1:7777
2021-04-01T10:28:17.729+0800	INFO	UDP转发请求：0.0.0.0:82<->127.0.0.1:7777
2021-04-01T10:28:17.729+0800	INFO	UDP转发请求：0.0.0.0:9306<->127.0.0.1:53
2021-04-01T10:28:17.729+0800	INFO	UDP转发请求：0.0.0.0:81<->127.0.0.1:7777
2021-04-01T10:28:17.729+0800	INFO	UDP转发请求：0.0.0.0:80<->127.0.0.1:7777
2021-04-01T10:28:17.729+0800	INFO	UDP转发请求：0.0.0.0:89<->127.0.0.1:7777
2021-04-01T10:28:27.772+0800	INFO	检测到有进程非法连接恶意IP0[System Process]
2021-04-01T10:28:29.066+0800	INFO	检测到有进程非法连接恶意IP17596Feishu.exe
2021-04-01T10:28:39.836+0800	INFO	检测到有进程非法连接恶意IP0[System Process]
2021-04-01T10:28:41.069+0800	INFO	检测到有进程非法连接恶意IP17596Feishu.exe
2021-04-01T10:28:51.871+0800	INFO	检测到有进程非法连接恶意IP0[System Process]
2021-04-01T10:28:53.078+0800	INFO	检测到有进程非法连接恶意IP17596Feishu.exe
2021-04-01T10:29:03.862+0800	INFO	检测到有进程非法连接恶意IP0[System Process]
2021-04-01T10:29:05.117+0800	INFO	检测到有进程非法连接恶意IP17596Feishu.exe
2021-04-01T10:29:15.922+0800	INFO	检测到有进程非法连接恶意IP0[System Process]
2021-04-01T10:29:17.154+0800	INFO	检测到有进程非法连接恶意IP17596Feishu.exe
2021-04-01T10:29:27.937+0800	INFO	检测到有进程非法连接恶意IP0[System Process]
2021-04-01T10:29:29.191+0800	INFO	检测到有进程非法连接恶意IP17596Feishu.exe
2021-04-01T10:29:39.983+0800	INFO	检测到有进程非法连接恶意IP0[System Process]
2021-04-01T10:29:41.196+0800	INFO	检测到有进程非法连接恶意IP17596Feishu.exe
2021-04-01T10:29:51.966+0800	INFO	检测到有进程非法连接恶意IP0[System Process]
2021-04-01T10:29:53.218+0800	INFO	检测到有进程非法连接恶意IP17596Feishu.exe
2021-04-01T10:30:04.010+0800	INFO	检测到有进程非法连接恶意IP0[System Process]
2021-04-01T10:30:05.257+0800	INFO	检测到有进程非法连接恶意IP17596Feishu.exe
2021-04-01T10:30:16.050+0800	INFO	检测到有进程非法连接恶意IP0[System Process]
2021-04-01T10:30:17.262+0800	INFO	检测到有进程非法连接恶意IP17596Feishu.exe
2021-04-01T10:30:28.023+0800	INFO	检测到有进程非法连接恶意IP0[System Process]
2021-04-01T10:30:29.370+0800	INFO	检测到有进程非法连接恶意IP17596Feishu.exe
2021-04-01T10:30:40.248+0800	INFO	检测到有进程非法连接恶意IP0[System Process]
2021-04-01T10:30:41.600+0800	INFO	检测到有进程非法连接恶意IP17596Feishu.exe
2021-04-01T10:30:52.468+0800	INFO	检测到有进程非法连接恶意IP0[System Process]
2021-04-01T10:30:53.817+0800	INFO	检测到有进程非法连接恶意IP17596Feishu.exe
2021-04-01T10:31:04.697+0800	INFO	检测到有进程非法连接恶意IP0[System Process]
2021-04-01T10:31:06.105+0800	INFO	检测到有进程非法连接恶意IP17596Feishu.exe
2021-04-01T10:31:11.949+0800	INFO	UDP转发请求：0.0.0.0:82<->127.0.0.1:7777
2021-04-01T10:31:11.949+0800	INFO	UDP转发请求：0.0.0.0:81<->127.0.0.1:7777
2021-04-01T10:31:11.949+0800	INFO	UDP转发请求：0.0.0.0:89<->127.0.0.1:7777
2021-04-01T10:31:11.949+0800	INFO	UDP转发请求：0.0.0.0:9306<->127.0.0.1:53
2021-04-01T10:31:11.949+0800	INFO	UDP转发请求：0.0.0.0:80<->127.0.0.1:7777
2021-04-01T10:31:21.992+0800	INFO	检测到有进程连接恶意IP0[System Process]
2021-04-01T10:31:23.370+0800	INFO	检测到有进程连接恶意IP17596Feishu.exe
2021-04-01T10:31:34.277+0800	INFO	检测到有进程连接恶意IP0[System Process]
2021-04-01T10:31:35.635+0800	INFO	检测到有进程连接恶意IP17596Feishu.exe
2021-04-01T10:31:46.573+0800	INFO	检测到有进程连接恶意IP0[System Process]
2021-04-01T10:31:47.942+0800	INFO	检测到有进程连接恶意IP17596Feishu.exe
2021-04-01T10:31:58.754+0800	INFO	检测到有进程连接恶意IP0[System Process]
2021-04-01T10:31:59.985+0800	INFO	检测到有进程连接恶意IP17596Feishu.exe
2021-04-01T10:32:10.762+0800	INFO	检测到有进程连接恶意IP0[System Process]
2021-04-01T10:32:11.983+0800	INFO	检测到有进程连接恶意IP17596Feishu.exe
2021-04-01T10:32:22.762+0800	INFO	检测到有进程连接恶意IP0[System Process]
2021-04-01T10:32:24.001+0800	INFO	检测到有进程连接恶意IP17596Feishu.exe
2021-04-01T10:32:34.787+0800	INFO	检测到有进程连接恶意IP0[System Process]
2021-04-01T10:32:36.018+0800	INFO	检测到有进程连接恶意IP17596Feishu.exe
2021-04-01T10:32:46.805+0800	INFO	检测到有进程连接恶意IP0[System Process]
2021-04-01T10:32:48.043+0800	INFO	检测到有进程连接恶意IP17596Feishu.exe
2021-04-01T10:33:36.029+0800	INFO	UDP转发请求：0.0.0.0:9306<->127.0.0.1:53
2021-04-01T10:33:36.030+0800	INFO	UDP转发请求：0.0.0.0:81<->127.0.0.1:7777
2021-04-01T10:33:36.030+0800	INFO	UDP转发请求：0.0.0.0:82<->127.0.0.1:7777
2021-04-01T10:33:36.030+0800	INFO	UDP转发请求：0.0.0.0:89<->127.0.0.1:7777
2021-04-01T10:33:36.030+0800	INFO	UDP转发请求：0.0.0.0:80<->127.0.0.1:7777
2021-04-01T10:33:46.074+0800	INFO	检测到有进程连接恶意IP0[System Process]
2021-04-01T10:33:47.360+0800	INFO	检测到有进程连接恶意IP17596Feishu.exe
2021-04-01T10:33:58.193+0800	INFO	检测到有进程连接恶意IP0[System Process]
2021-04-01T10:33:59.468+0800	INFO	检测到有进程连接恶意IP17596Feishu.exe
2021-04-01T10:34:10.299+0800	INFO	检测到有进程连接恶意IP0[System Process]
2021-04-01T10:34:11.553+0800	INFO	检测到有进程连接恶意IP17596Feishu.exe
2021-04-01T10:34:22.358+0800	INFO	检测到有进程连接恶意IP0[System Process]
2021-04-01T10:34:23.634+0800	INFO	检测到有进程连接恶意IP17596Feishu.exe
2021-04-01T10:34:34.427+0800	INFO	检测到有进程连接恶意IP0[System Process]
2021-04-01T10:34:35.827+0800	INFO	检测到有进程连接恶意IP17596Feishu.exe
2021-04-01T10:34:46.768+0800	INFO	检测到有进程连接恶意IP0[System Process]
2021-04-01T10:34:48.159+0800	INFO	检测到有进程连接恶意IP17596Feishu.exe
2021-04-01T10:34:59.061+0800	INFO	检测到有进程连接恶意IP0[System Process]
2021-04-01T10:35:00.492+0800	INFO	检测到有进程连接恶意IP17596Feishu.exe
2021-04-01T10:35:08.451+0800	INFO	UDP转发请求：0.0.0.0:89<->127.0.0.1:7777
2021-04-01T10:35:08.451+0800	INFO	UDP转发请求：0.0.0.0:82<->127.0.0.1:7777
2021-04-01T10:35:08.452+0800	INFO	UDP转发请求：0.0.0.0:80<->127.0.0.1:7777
2021-04-01T10:35:08.452+0800	INFO	UDP转发请求：0.0.0.0:81<->127.0.0.1:7777
2021-04-01T10:35:08.452+0800	INFO	UDP转发请求：0.0.0.0:9306<->127.0.0.1:53
2021-04-01T10:35:18.499+0800	INFO	检测到有进程连接恶意IP0[System Process]
2021-04-01T10:35:19.846+0800	INFO	检测到有进程连接恶意IP17596Feishu.exe
2021-04-01T10:35:30.925+0800	INFO	UDP转发请求：0.0.0.0:80<->127.0.0.1:7777
2021-04-01T10:35:30.924+0800	INFO	UDP转发请求：0.0.0.0:9306<->127.0.0.1:53
2021-04-01T10:35:30.924+0800	INFO	UDP转发请求：0.0.0.0:82<->127.0.0.1:7777
2021-04-01T10:35:30.925+0800	INFO	UDP转发请求：0.0.0.0:89<->127.0.0.1:7777
2021-04-01T10:35:30.925+0800	INFO	UDP转发请求：0.0.0.0:81<->127.0.0.1:7777
2021-04-01T10:35:40.962+0800	INFO	检测到有进程连接恶意IP0[System Process]
2021-04-01T10:35:42.306+0800	INFO	检测到有进程连接恶意IP17596Feishu.exe
2021-04-01T10:35:53.124+0800	INFO	检测到有进程连接恶意IP0[System Process]
2021-04-01T10:35:54.548+0800	INFO	检测到有进程连接恶意IP17596Feishu.exe
2021-04-01T10:36:05.453+0800	INFO	检测到有进程连接恶意IP0[System Process]
2021-04-01T10:36:06.753+0800	INFO	检测到有进程连接恶意IP17596Feishu.exe
2021-04-01T10:36:17.573+0800	INFO	检测到有进程连接恶意IP0[System Process]
2021-04-01T10:36:18.892+0800	INFO	检测到有进程连接恶意IP17596Feishu.exe
2021-04-01T10:36:29.861+0800	INFO	检测到有进程连接恶意IP0[System Process]
2021-04-01T10:36:31.342+0800	INFO	检测到有进程连接恶意IP17596Feishu.exe
2021-04-01T10:36:42.291+0800	INFO	检测到有进程连接恶意IP0[System Process]
2021-04-01T10:36:43.810+0800	INFO	检测到有进程连接恶意IP17596Feishu.exe
2021-04-01T10:36:54.775+0800	INFO	检测到有进程连接恶意IP0[System Process]
2021-04-01T10:36:56.242+0800	INFO	检测到有进程连接恶意IP17596Feishu.exe
2021-04-01T10:37:05.718+0800	INFO	UDP转发请求：0.0.0.0:82<->127.0.0.1:7777
2021-04-01T10:37:05.719+0800	INFO	UDP转发请求：0.0.0.0:89<->127.0.0.1:7777
2021-04-01T10:37:05.719+0800	INFO	UDP转发请求：0.0.0.0:80<->127.0.0.1:7777
2021-04-01T10:37:05.718+0800	INFO	UDP转发请求：0.0.0.0:9306<->127.0.0.1:53
2021-04-01T10:37:05.719+0800	INFO	UDP转发请求：0.0.0.0:81<->127.0.0.1:7777
2021-04-01T10:37:15.760+0800	INFO	检测到有进程连接恶意IP0[System Process]
2021-04-01T10:37:17.110+0800	INFO	检测到有进程连接恶意IP17596Feishu.exe
2021-04-01T10:37:27.983+0800	INFO	检测到有进程连接恶意IP0[System Process]
2021-04-01T10:37:29.227+0800	INFO	检测到有进程连接恶意IP17596Feishu.exe
2021-04-01T10:37:40.054+0800	INFO	检测到有进程连接恶意IP0[System Process]
2021-04-01T10:37:41.367+0800	INFO	检测到有进程连接恶意IP17596Feishu.exe
2021-04-01T10:37:52.205+0800	INFO	检测到有进程连接恶意IP0[System Process]
2021-04-01T10:37:52.205+0800	INFO	检测到有进程连接恶意IP0[System Process]
2021-04-01T10:37:52.724+0800	INFO	检测到有进程连接恶意IP4744Feishu.exe
2021-04-01T10:37:53.520+0800	INFO	检测到有进程连接恶意IP17596Feishu.exe
2021-04-01T10:38:04.442+0800	INFO	检测到有进程连接恶意IP0[System Process]
2021-04-01T10:38:04.442+0800	INFO	检测到有进程连接恶意IP0[System Process]
2021-04-01T10:38:05.008+0800	INFO	检测到有进程连接恶意IP4744Feishu.exe
2021-04-01T10:38:05.842+0800	INFO	检测到有进程连接恶意IP17596Feishu.exe
2021-04-01T10:38:16.691+0800	INFO	检测到有进程连接恶意IP0[System Process]
2021-04-01T10:38:17.946+0800	INFO	检测到有进程连接恶意IP17596Feishu.exe
2021-04-01T10:38:28.724+0800	INFO	检测到有进程连接恶意IP0[System Process]
2021-04-01T10:38:29.969+0800	INFO	检测到有进程连接恶意IP17596Feishu.exe
2021-04-01T10:38:40.787+0800	INFO	检测到有进程连接恶意IP0[System Process]
2021-04-01T10:38:42.070+0800	INFO	检测到有进程连接恶意IP17596Feishu.exe
2021-04-01T10:38:52.858+0800	INFO	检测到有进程连接恶意IP0[System Process]
2021-04-01T10:38:54.136+0800	INFO	检测到有进程连接恶意IP17596Feishu.exe
2021-04-01T10:39:04.961+0800	INFO	检测到有进程连接恶意IP0[System Process]
2021-04-01T10:39:06.234+0800	INFO	检测到有进程连接恶意IP17596Feishu.exe
2021-04-01T10:39:17.018+0800	INFO	检测到有进程连接恶意IP0[System Process]
2021-04-01T10:39:18.261+0800	INFO	检测到有进程连接恶意IP17596Feishu.exe
2021-04-01T10:39:29.032+0800	INFO	检测到有进程连接恶意IP0[System Process]
2021-04-01T10:39:30.309+0800	INFO	检测到有进程连接恶意IP17596Feishu.exe
2021-04-01T10:39:41.083+0800	INFO	检测到有进程连接恶意IP0[System Process]
2021-04-01T10:39:42.331+0800	INFO	检测到有进程连接恶意IP17596Feishu.exe
2021-04-01T10:39:53.125+0800	INFO	检测到有进程连接恶意IP0[System Process]
2021-04-01T10:39:54.350+0800	INFO	检测到有进程连接恶意IP17596Feishu.exe
2021-04-01T10:40:05.133+0800	INFO	检测到有进程连接恶意IP0[System Process]
2021-04-01T10:40:06.372+0800	INFO	检测到有进程连接恶意IP17596Feishu.exe
2021-04-01T10:40:17.129+0800	INFO	检测到有进程连接恶意IP0[System Process]
2021-04-01T10:40:18.354+0800	INFO	检测到有进程连接恶意IP17596Feishu.exe
2021-04-01T10:40:29.125+0800	INFO	检测到有进程连接恶意IP0[System Process]
2021-04-01T10:40:30.365+0800	INFO	检测到有进程连接恶意IP17596Feishu.exe
2021-04-01T10:40:41.141+0800	INFO	检测到有进程连接恶意IP0[System Process]
2021-04-01T10:40:42.445+0800	INFO	检测到有进程连接恶意IP17596Feishu.exe
2021-04-01T10:40:53.225+0800	INFO	检测到有进程连接恶意IP0[System Process]
2021-04-01T10:40:54.446+0800	INFO	检测到有进程连接恶意IP17596Feishu.exe
2021-04-01T10:41:05.199+0800	INFO	检测到有进程连接恶意IP0[System Process]
2021-04-01T10:41:06.461+0800	INFO	检测到有进程连接恶意IP17596Feishu.exe
2021-04-01T10:41:17.236+0800	INFO	检测到有进程连接恶意IP0[System Process]
2021-04-01T10:41:18.890+0800	INFO	检测到有进程连接恶意IP17596Feishu.exe
2021-04-01T10:41:29.920+0800	INFO	检测到有进程连接恶意IP0[System Process]
2021-04-01T10:41:31.377+0800	INFO	检测到有进程连接恶意IP17596Feishu.exe
2021-04-01T10:41:42.300+0800	INFO	检测到有进程连接恶意IP0[System Process]
2021-04-01T10:41:43.800+0800	INFO	检测到有进程连接恶意IP17596Feishu.exe
2021-04-01T10:41:54.728+0800	INFO	检测到有进程连接恶意IP0[System Process]
2021-04-01T10:41:56.143+0800	INFO	检测到有进程连接恶意IP17596Feishu.exe
2021-04-01T10:42:07.110+0800	INFO	检测到有进程连接恶意IP0[System Process]
2021-04-01T10:42:08.663+0800	INFO	检测到有进程连接恶意IP17596Feishu.exe
2021-04-01T10:42:19.657+0800	INFO	检测到有进程连接恶意IP0[System Process]
2021-04-01T10:42:21.096+0800	INFO	检测到有进程连接恶意IP17596Feishu.exe
2021-04-01T10:42:32.021+0800	INFO	检测到有进程连接恶意IP0[System Process]
2021-04-01T10:42:33.728+0800	INFO	检测到有进程连接恶意IP17596Feishu.exe
2021-04-01T10:42:44.824+0800	INFO	检测到有进程连接恶意IP0[System Process]
2021-04-01T10:42:46.342+0800	INFO	检测到有进程连接恶意IP17596Feishu.exe
2021-04-01T10:42:57.284+0800	INFO	检测到有进程连接恶意IP0[System Process]
2021-04-01T10:42:58.877+0800	INFO	检测到有进程连接恶意IP17596Feishu.exe
2021-04-01T10:43:09.853+0800	INFO	检测到有进程连接恶意IP0[System Process]
2021-04-01T10:43:11.376+0800	INFO	检测到有进程连接恶意IP17596Feishu.exe
2021-04-01T10:43:22.305+0800	INFO	检测到有进程连接恶意IP0[System Process]
2021-04-01T10:43:23.894+0800	INFO	检测到有进程连接恶意IP17596Feishu.exe
2021-04-01T10:43:34.815+0800	INFO	检测到有进程连接恶意IP0[System Process]
2021-04-01T10:43:36.357+0800	INFO	检测到有进程连接恶意IP17596Feishu.exe
2021-04-01T10:43:47.334+0800	INFO	检测到有进程连接恶意IP0[System Process]
2021-04-01T10:43:48.860+0800	INFO	检测到有进程连接恶意IP17596Feishu.exe
2021-04-01T10:43:59.839+0800	INFO	检测到有进程连接恶意IP0[System Process]
2021-04-01T10:44:01.354+0800	INFO	检测到有进程连接恶意IP17596Feishu.exe
2021-04-01T10:44:12.303+0800	INFO	检测到有进程连接恶意IP0[System Process]
2021-04-01T10:44:13.835+0800	INFO	检测到有进程连接恶意IP17596Feishu.exe
2021-04-01T10:44:24.801+0800	INFO	检测到有进程连接恶意IP0[System Process]
2021-04-01T10:44:26.341+0800	INFO	检测到有进程连接恶意IP17596Feishu.exe
2021-04-01T10:44:37.301+0800	INFO	检测到有进程连接恶意IP0[System Process]
2021-04-01T10:44:38.836+0800	INFO	检测到有进程连接恶意IP17596Feishu.exe
2021-04-01T10:44:49.822+0800	INFO	检测到有进程连接恶意IP0[System Process]
2021-04-01T10:44:51.319+0800	INFO	检测到有进程连接恶意IP17596Feishu.exe
2021-04-01T10:45:02.274+0800	INFO	检测到有进程连接恶意IP0[System Process]
2021-04-01T10:45:03.751+0800	INFO	检测到有进程连接恶意IP17596Feishu.exe
2021-04-01T10:45:14.695+0800	INFO	检测到有进程连接恶意IP0[System Process]
2021-04-01T10:45:16.197+0800	INFO	检测到有进程连接恶意IP17596Feishu.exe
2021-04-01T10:45:27.170+0800	INFO	检测到有进程连接恶意IP0[System Process]
2021-04-01T10:45:28.691+0800	INFO	检测到有进程连接恶意IP17596Feishu.exe
2021-04-01T10:45:39.621+0800	INFO	检测到有进程连接恶意IP0[System Process]
2021-04-01T10:45:41.085+0800	INFO	检测到有进程连接恶意IP17596Feishu.exe
2021-04-01T10:45:52.002+0800	INFO	检测到有进程连接恶意IP0[System Process]
2021-04-01T10:45:53.469+0800	INFO	检测到有进程连接恶意IP17596Feishu.exe
2021-04-01T10:46:04.392+0800	INFO	检测到有进程连接恶意IP0[System Process]
2021-04-01T10:46:05.841+0800	INFO	检测到有进程连接恶意IP17596Feishu.exe
2021-04-01T10:46:16.770+0800	INFO	检测到有进程连接恶意IP0[System Process]
2021-04-01T10:46:18.203+0800	INFO	检测到有进程连接恶意IP17596Feishu.exe
2021-04-01T10:46:29.092+0800	INFO	检测到有进程连接恶意IP0[System Process]
2021-04-01T10:46:30.548+0800	INFO	检测到有进程连接恶意IP17596Feishu.exe
2021-04-01T10:46:41.456+0800	INFO	检测到有进程连接恶意IP0[System Process]
2021-04-01T10:46:42.958+0800	INFO	检测到有进程连接恶意IP17596Feishu.exe
2021-04-01T10:46:53.841+0800	INFO	检测到有进程连接恶意IP0[System Process]
2021-04-01T10:46:55.304+0800	INFO	检测到有进程连接恶意IP17596Feishu.exe
2021-04-01T10:47:06.203+0800	INFO	检测到有进程连接恶意IP0[System Process]
2021-04-01T10:47:07.657+0800	INFO	检测到有进程连接恶意IP17596Feishu.exe
2021-04-01T10:47:18.589+0800	INFO	检测到有进程连接恶意IP0[System Process]
2021-04-01T10:47:20.032+0800	INFO	检测到有进程连接恶意IP17596Feishu.exe
2021-04-01T10:47:30.928+0800	INFO	检测到有进程连接恶意IP0[System Process]
2021-04-01T10:47:32.408+0800	INFO	检测到有进程连接恶意IP17596Feishu.exe
2021-04-01T10:47:43.360+0800	INFO	检测到有进程连接恶意IP0[System Process]
2021-04-01T10:47:44.808+0800	INFO	检测到有进程连接恶意IP17596Feishu.exe
2021-04-01T10:47:55.693+0800	INFO	检测到有进程连接恶意IP0[System Process]
2021-04-01T10:47:57.169+0800	INFO	检测到有进程连接恶意IP17596Feishu.exe
2021-04-01T10:48:08.081+0800	INFO	检测到有进程连接恶意IP0[System Process]
2021-04-01T10:48:09.568+0800	INFO	检测到有进程连接恶意IP17596Feishu.exe
2021-04-01T10:48:20.463+0800	INFO	检测到有进程连接恶意IP0[System Process]
2021-04-01T10:48:21.915+0800	INFO	检测到有进程连接恶意IP17596Feishu.exe
2021-04-01T10:48:32.946+0800	INFO	检测到有进程连接恶意IP0[System Process]
2021-04-01T10:48:34.379+0800	INFO	检测到有进程连接恶意IP17596Feishu.exe
2021-04-01T10:48:45.264+0800	INFO	检测到有进程连接恶意IP0[System Process]
2021-04-01T10:48:46.684+0800	INFO	检测到有进程连接恶意IP17596Feishu.exe
2021-04-01T10:48:57.566+0800	INFO	检测到有进程连接恶意IP0[System Process]
2021-04-01T10:48:59.026+0800	INFO	检测到有进程连接恶意IP17596Feishu.exe
2021-04-01T10:49:09.913+0800	INFO	检测到有进程连接恶意IP0[System Process]
2021-04-01T10:49:11.360+0800	INFO	检测到有进程连接恶意IP17596Feishu.exe
2021-04-01T10:49:22.236+0800	INFO	检测到有进程连接恶意IP0[System Process]
2021-04-01T10:49:23.692+0800	INFO	检测到有进程连接恶意IP17596Feishu.exe
2021-04-01T10:49:34.572+0800	INFO	检测到有进程连接恶意IP0[System Process]
2021-04-01T10:49:36.022+0800	INFO	检测到有进程连接恶意IP17596Feishu.exe
2021-04-01T10:49:46.923+0800	INFO	检测到有进程连接恶意IP0[System Process]
2021-04-01T10:49:48.393+0800	INFO	检测到有进程连接恶意IP17596Feishu.exe
2021-04-01T10:49:59.310+0800	INFO	检测到有进程连接恶意IP0[System Process]
2021-04-01T10:50:00.857+0800	INFO	检测到有进程连接恶意IP17596Feishu.exe
2021-04-01T10:50:11.772+0800	INFO	检测到有进程连接恶意IP0[System Process]
2021-04-01T10:50:13.251+0800	INFO	检测到有进程连接恶意IP17596Feishu.exe
2021-04-01T10:50:24.155+0800	INFO	检测到有进程连接恶意IP0[System Process]
2021-04-01T10:50:25.635+0800	INFO	检测到有进程连接恶意IP17596Feishu.exe
2021-04-01T10:50:36.566+0800	INFO	检测到有进程连接恶意IP0[System Process]
2021-04-01T10:50:38.078+0800	INFO	检测到有进程连接恶意IP17596Feishu.exe
2021-04-01T10:50:49.027+0800	INFO	检测到有进程连接恶意IP0[System Process]
2021-04-01T10:50:50.514+0800	INFO	检测到有进程连接恶意IP17596Feishu.exe
2021-04-01T10:51:01.484+0800	INFO	检测到有进程连接恶意IP0[System Process]
2021-04-01T10:51:02.985+0800	INFO	检测到有进程连接恶意IP17596Feishu.exe
2021-04-01T10:51:13.878+0800	INFO	检测到有进程连接恶意IP0[System Process]
2021-04-01T10:51:15.393+0800	INFO	检测到有进程连接恶意IP17596Feishu.exe
2021-04-01T10:51:18.923+0800	INFO	UDP转发请求：0.0.0.0:82<->127.0.0.1:7777
2021-04-01T10:51:18.923+0800	INFO	UDP转发请求：0.0.0.0:9306<->127.0.0.1:53
2021-04-01T10:51:18.923+0800	INFO	UDP转发请求：0.0.0.0:80<->127.0.0.1:7777
2021-04-01T10:51:18.923+0800	INFO	UDP转发请求：0.0.0.0:89<->127.0.0.1:7777
2021-04-01T10:51:18.923+0800	INFO	UDP转发请求：0.0.0.0:81<->127.0.0.1:7777
2021-04-01T10:51:28.961+0800	INFO	检测到有进程连接恶意IP0--
2021-04-01T10:52:03.688+0800	INFO	UDP转发请求：0.0.0.0:80<->127.0.0.1:7777
2021-04-01T10:52:03.688+0800	INFO	UDP转发请求：0.0.0.0:9306<->127.0.0.1:53
2021-04-01T10:52:03.688+0800	INFO	UDP转发请求：0.0.0.0:82<->127.0.0.1:7777
2021-04-01T10:52:03.688+0800	INFO	UDP转发请求：0.0.0.0:89<->127.0.0.1:7777
2021-04-01T10:52:03.688+0800	INFO	UDP转发请求：0.0.0.0:81<->127.0.0.1:7777
2021-04-01T10:52:13.727+0800	INFO	检测到有进程连接恶意IP0--
2021-04-01T10:52:31.189+0800	INFO	UDP转发请求：0.0.0.0:80<->127.0.0.1:7777
2021-04-01T10:52:31.188+0800	INFO	UDP转发请求：0.0.0.0:82<->127.0.0.1:7777
2021-04-01T10:52:31.188+0800	INFO	UDP转发请求：0.0.0.0:9306<->127.0.0.1:53
2021-04-01T10:52:31.189+0800	INFO	UDP转发请求：0.0.0.0:89<->127.0.0.1:7777
2021-04-01T10:52:31.189+0800	INFO	UDP转发请求：0.0.0.0:81<->127.0.0.1:7777
2021-04-01T10:52:41.229+0800	INFO	检测到有进程连接恶意IP0--
2021-04-01T10:53:11.736+0800	INFO	UDP转发请求：0.0.0.0:82<->127.0.0.1:7777
2021-04-01T10:53:11.736+0800	INFO	UDP转发请求：0.0.0.0:9306<->127.0.0.1:53
2021-04-01T10:53:11.736+0800	INFO	UDP转发请求：0.0.0.0:89<->127.0.0.1:7777
2021-04-01T10:53:11.736+0800	INFO	UDP转发请求：0.0.0.0:81<->127.0.0.1:7777
2021-04-01T10:53:11.736+0800	INFO	UDP转发请求：0.0.0.0:80<->127.0.0.1:7777
2021-04-01T10:53:21.771+0800	INFO	检测到有进程连接恶意IP0--
2021-04-01T10:53:39.939+0800	INFO	UDP转发请求：0.0.0.0:9306<->127.0.0.1:53
2021-04-01T10:53:39.939+0800	INFO	UDP转发请求：0.0.0.0:82<->127.0.0.1:7777
2021-04-01T10:53:39.939+0800	INFO	UDP转发请求：0.0.0.0:89<->127.0.0.1:7777
2021-04-01T10:53:39.939+0800	INFO	UDP转发请求：0.0.0.0:81<->127.0.0.1:7777
2021-04-01T10:53:39.939+0800	INFO	UDP转发请求：0.0.0.0:80<->127.0.0.1:7777
2021-04-01T10:53:39.964+0800	INFO	检测到有进程连接恶意IP0--
2021-04-01T10:54:37.683+0800	INFO	UDP转发请求：0.0.0.0:89<->127.0.0.1:7777
2021-04-01T10:54:37.683+0800	INFO	UDP转发请求：0.0.0.0:82<->127.0.0.1:7777
2021-04-01T10:54:37.683+0800	INFO	UDP转发请求：0.0.0.0:81<->127.0.0.1:7777
2021-04-01T10:54:37.683+0800	INFO	UDP转发请求：0.0.0.0:80<->127.0.0.1:7777
2021-04-01T10:54:37.683+0800	INFO	UDP转发请求：0.0.0.0:9306<->127.0.0.1:53
2021-04-01T10:54:37.708+0800	INFO	检测到有进程连接恶意IP0--
2021-04-01T10:56:39.711+0800	INFO	UDP转发请求：0.0.0.0:89<->127.0.0.1:7777
2021-04-01T10:56:39.711+0800	INFO	UDP转发请求：0.0.0.0:9306<->127.0.0.1:53
2021-04-01T10:56:39.711+0800	INFO	UDP转发请求：0.0.0.0:80<->127.0.0.1:7777
2021-04-01T10:56:39.711+0800	INFO	UDP转发请求：0.0.0.0:81<->127.0.0.1:7777
2021-04-01T10:56:39.711+0800	INFO	UDP转发请求：0.0.0.0:82<->127.0.0.1:7777
2021-04-01T10:56:39.738+0800	INFO	检测到有进程连接恶意IP0--
2021-04-01T10:57:32.854+0800	INFO	UDP转发请求：0.0.0.0:80<->127.0.0.1:7777
2021-04-01T10:57:32.854+0800	INFO	UDP转发请求：0.0.0.0:9306<->127.0.0.1:53
2021-04-01T10:57:32.854+0800	INFO	UDP转发请求：0.0.0.0:81<->127.0.0.1:7777
2021-04-01T10:57:32.854+0800	INFO	UDP转发请求：0.0.0.0:89<->127.0.0.1:7777
2021-04-01T10:57:32.854+0800	INFO	UDP转发请求：0.0.0.0:82<->127.0.0.1:7777
2021-04-01T10:57:32.880+0800	INFO	检测到有进程连接恶意IP0--
2021-04-01T10:57:33.086+0800	INFO	检测到有进程连接恶意IP17596--C:\Users\leavky\AppData\Local\Feishu\app\Feishu.exe
2021-04-01T10:57:43.215+0800	INFO	检测到有进程连接恶意IP0--
2021-04-01T10:57:43.413+0800	INFO	检测到有进程连接恶意IP17596--C:\Users\leavky\AppData\Local\Feishu\app\Feishu.exe
2021-04-01T10:57:51.570+0800	INFO	UDP转发请求：0.0.0.0:81<->127.0.0.1:7777
2021-04-01T10:57:51.570+0800	INFO	UDP转发请求：0.0.0.0:9306<->127.0.0.1:53
2021-04-01T10:57:51.570+0800	INFO	UDP转发请求：0.0.0.0:82<->127.0.0.1:7777
2021-04-01T10:57:51.570+0800	INFO	UDP转发请求：0.0.0.0:89<->127.0.0.1:7777
2021-04-01T10:57:51.570+0800	INFO	UDP转发请求：0.0.0.0:80<->127.0.0.1:7777
2021-04-01T10:57:51.602+0800	INFO	检测到有进程连接恶意IP0--
2021-04-01T10:58:06.692+0800	INFO	UDP转发请求：0.0.0.0:82<->127.0.0.1:7777
2021-04-01T10:58:06.691+0800	INFO	UDP转发请求：0.0.0.0:81<->127.0.0.1:7777
2021-04-01T10:58:06.691+0800	INFO	UDP转发请求：0.0.0.0:9306<->127.0.0.1:53
2021-04-01T10:58:06.691+0800	INFO	UDP转发请求：0.0.0.0:80<->127.0.0.1:7777
2021-04-01T10:58:06.692+0800	INFO	UDP转发请求：0.0.0.0:89<->127.0.0.1:7777
2021-04-01T10:58:06.724+0800	INFO	检测到有进程连接恶意IP0--
2021-04-01T10:58:06.922+0800	INFO	检测到有进程连接恶意IP17596--C:\Users\leavky\AppData\Local\Feishu\app\Feishu.exe
2021-04-01T10:58:12.147+0800	INFO	UDP转发请求：0.0.0.0:9306<->127.0.0.1:53
2021-04-01T10:58:12.147+0800	INFO	UDP转发请求：0.0.0.0:81<->127.0.0.1:7777
2021-04-01T10:58:12.147+0800	INFO	UDP转发请求：0.0.0.0:89<->127.0.0.1:7777
2021-04-01T10:58:12.147+0800	INFO	UDP转发请求：0.0.0.0:82<->127.0.0.1:7777
2021-04-01T10:58:12.147+0800	INFO	UDP转发请求：0.0.0.0:80<->127.0.0.1:7777
2021-04-01T10:58:12.172+0800	INFO	检测到有进程连接恶意IP0--
2021-04-01T10:58:12.373+0800	INFO	检测到有进程连接恶意IP17596--C:\Users\leavky\AppData\Local\Feishu\app\Feishu.exe
2021-04-01T10:58:22.503+0800	INFO	检测到有进程连接恶意IP0--
2021-04-01T10:58:22.691+0800	INFO	检测到有进程连接恶意IP17596--C:\Users\leavky\AppData\Local\Feishu\app\Feishu.exe
2021-04-01T10:58:32.821+0800	INFO	检测到有进程连接恶意IP0--
2021-04-01T10:58:33.006+0800	INFO	检测到有进程连接恶意IP17596--C:\Users\leavky\AppData\Local\Feishu\app\Feishu.exe
2021-04-01T10:58:53.553+0800	INFO	UDP转发请求：0.0.0.0:82<->127.0.0.1:7777
2021-04-01T10:58:53.554+0800	INFO	UDP转发请求：0.0.0.0:89<->127.0.0.1:7777
2021-04-01T10:58:53.553+0800	INFO	UDP转发请求：0.0.0.0:9306<->127.0.0.1:53
2021-04-01T10:58:53.554+0800	INFO	UDP转发请求：0.0.0.0:80<->127.0.0.1:7777
2021-04-01T10:58:53.554+0800	INFO	UDP转发请求：0.0.0.0:81<->127.0.0.1:7777
2021-04-01T10:58:53.579+0800	INFO	检测到有进程连接恶意IP0--
2021-04-01T10:58:56.731+0800	INFO	检测到有进程连接恶意IP17596--C:\Users\leavky\AppData\Local\Feishu\app\Feishu.exe
2021-04-01T11:02:17.312+0800	INFO	UDP转发请求：0.0.0.0:82<->127.0.0.1:7777
2021-04-01T11:02:17.312+0800	INFO	UDP转发请求：0.0.0.0:9306<->127.0.0.1:53
2021-04-01T11:02:17.312+0800	INFO	UDP转发请求：0.0.0.0:80<->127.0.0.1:7777
2021-04-01T11:02:17.312+0800	INFO	UDP转发请求：0.0.0.0:89<->127.0.0.1:7777
2021-04-01T11:02:17.312+0800	INFO	UDP转发请求：0.0.0.0:81<->127.0.0.1:7777
2021-04-01T11:02:17.342+0800	INFO	检测到有进程连接恶意IP0--
2021-04-01T11:02:20.249+0800	INFO	检测到有进程连接恶意IP17596--C:\Users\leavky\AppData\Local\Feishu\app\Feishu.exe
2021-04-01T11:02:38.322+0800	INFO	UDP转发请求：0.0.0.0:82<->127.0.0.1:7777
2021-04-01T11:02:38.322+0800	INFO	UDP转发请求：0.0.0.0:9306<->127.0.0.1:53
2021-04-01T11:02:38.322+0800	INFO	UDP转发请求：0.0.0.0:80<->127.0.0.1:7777
2021-04-01T11:02:38.322+0800	INFO	UDP转发请求：0.0.0.0:81<->127.0.0.1:7777
2021-04-01T11:02:38.322+0800	INFO	UDP转发请求：0.0.0.0:89<->127.0.0.1:7777
2021-04-01T11:02:38.347+0800	INFO	检测到有进程连接恶意IP0--
2021-04-01T11:03:59.949+0800	INFO	UDP转发请求：0.0.0.0:82<->127.0.0.1:7777
2021-04-01T11:03:59.949+0800	INFO	UDP转发请求：0.0.0.0:80<->127.0.0.1:7777
2021-04-01T11:03:59.949+0800	INFO	UDP转发请求：0.0.0.0:9306<->127.0.0.1:53
2021-04-01T11:03:59.949+0800	INFO	UDP转发请求：0.0.0.0:81<->127.0.0.1:7777
2021-04-01T11:03:59.949+0800	INFO	UDP转发请求：0.0.0.0:89<->127.0.0.1:7777
2021-04-01T11:03:59.975+0800	INFO	检测到有进程连接恶意IP0--
2021-04-01T11:04:02.870+0800	INFO	检测到有进程连接恶意IP17596--C:\Users\leavky\AppData\Local\Feishu\app\Feishu.exe
2021-04-01T11:04:27.277+0800	INFO	UDP转发请求：0.0.0.0:89<->127.0.0.1:7777
2021-04-01T11:04:27.277+0800	INFO	UDP转发请求：0.0.0.0:82<->127.0.0.1:7777
2021-04-01T11:04:27.276+0800	INFO	UDP转发请求：0.0.0.0:9306<->127.0.0.1:53
2021-04-01T11:04:27.277+0800	INFO	UDP转发请求：0.0.0.0:81<->127.0.0.1:7777
2021-04-01T11:04:27.277+0800	INFO	UDP转发请求：0.0.0.0:80<->127.0.0.1:7777
2021-04-01T11:04:27.307+0800	INFO	检测到有进程连接恶意IP0--
2021-04-01T11:05:37.063+0800	INFO	UDP转发请求：0.0.0.0:9306<->127.0.0.1:53
2021-04-01T11:05:37.063+0800	INFO	UDP转发请求：0.0.0.0:82<->127.0.0.1:7777
2021-04-01T11:05:37.063+0800	INFO	UDP转发请求：0.0.0.0:89<->127.0.0.1:7777
2021-04-01T11:05:37.063+0800	INFO	UDP转发请求：0.0.0.0:81<->127.0.0.1:7777
2021-04-01T11:05:37.063+0800	INFO	UDP转发请求：0.0.0.0:80<->127.0.0.1:7777
2021-04-01T11:05:37.088+0800	INFO	检测到有进程连接恶意IP0--
2021-04-01T11:05:39.986+0800	INFO	检测到有进程连接恶意IP17596--C:\Users\leavky\AppData\Local\Feishu\app\Feishu.exe
2021-04-01T11:06:06.946+0800	INFO	UDP转发请求：0.0.0.0:81<->127.0.0.1:7777
2021-04-01T11:06:06.946+0800	INFO	UDP转发请求：0.0.0.0:80<->127.0.0.1:7777
2021-04-01T11:06:06.945+0800	INFO	UDP转发请求：0.0.0.0:9306<->127.0.0.1:53
2021-04-01T11:06:06.946+0800	INFO	UDP转发请求：0.0.0.0:89<->127.0.0.1:7777
2021-04-01T11:06:06.946+0800	INFO	UDP转发请求：0.0.0.0:82<->127.0.0.1:7777
2021-04-01T11:06:06.972+0800	INFO	检测到有进程连接恶意IP0--
2021-04-01T11:06:09.878+0800	INFO	检测到有进程连接恶意IP17596--C:\Users\leavky\AppData\Local\Feishu\app\Feishu.exe
2021-04-01T11:06:21.718+0800	INFO	UDP转发请求：0.0.0.0:9306<->127.0.0.1:53
2021-04-01T11:06:21.718+0800	INFO	UDP转发请求：0.0.0.0:89<->127.0.0.1:7777
2021-04-01T11:06:21.718+0800	INFO	UDP转发请求：0.0.0.0:82<->127.0.0.1:7777
2021-04-01T11:06:21.718+0800	INFO	UDP转发请求：0.0.0.0:80<->127.0.0.1:7777
2021-04-01T11:06:21.718+0800	INFO	UDP转发请求：0.0.0.0:81<->127.0.0.1:7777
2021-04-01T11:06:21.744+0800	INFO	检测到有进程连接恶意IP0--
2021-04-01T11:06:24.617+0800	INFO	检测到有进程连接恶意IP17596--C:\Users\leavky\AppData\Local\Feishu\app\Feishu.exe
2021-04-01T11:06:33.126+0800	INFO	UDP转发请求：0.0.0.0:82<->127.0.0.1:7777
2021-04-01T11:06:33.126+0800	INFO	UDP转发请求：0.0.0.0:9306<->127.0.0.1:53
2021-04-01T11:06:33.126+0800	INFO	UDP转发请求：0.0.0.0:81<->127.0.0.1:7777
2021-04-01T11:06:33.126+0800	INFO	UDP转发请求：0.0.0.0:89<->127.0.0.1:7777
2021-04-01T11:06:33.126+0800	INFO	UDP转发请求：0.0.0.0:80<->127.0.0.1:7777
2021-04-01T11:06:33.151+0800	INFO	检测到有进程连接恶意IP0--
2021-04-01T11:06:36.016+0800	INFO	检测到有进程连接恶意IP17596--C:\Users\leavky\AppData\Local\Feishu\app\Feishu.exe
2021-04-01T11:07:37.292+0800	INFO	UDP转发请求：0.0.0.0:81<->127.0.0.1:7777
2021-04-01T11:07:37.292+0800	INFO	UDP转发请求：0.0.0.0:80<->127.0.0.1:7777
2021-04-01T11:07:37.292+0800	INFO	UDP转发请求：0.0.0.0:9306<->127.0.0.1:53
2021-04-01T11:07:37.292+0800	INFO	UDP转发请求：0.0.0.0:82<->127.0.0.1:7777
2021-04-01T11:07:37.292+0800	INFO	UDP转发请求：0.0.0.0:89<->127.0.0.1:7777
2021-04-01T11:07:37.317+0800	INFO	检测到有进程连接恶意IP0--
2021-04-01T11:07:40.233+0800	INFO	检测到有进程连接恶意IP17596--C:\Users\leavky\AppData\Local\Feishu\app\Feishu.exe
2021-04-01T11:07:44.853+0800	INFO	UDP转发请求：0.0.0.0:82<->127.0.0.1:7777
2021-04-01T11:07:44.853+0800	INFO	UDP转发请求：0.0.0.0:9306<->127.0.0.1:53
2021-04-01T11:07:44.853+0800	INFO	UDP转发请求：0.0.0.0:89<->127.0.0.1:7777
2021-04-01T11:07:44.853+0800	INFO	UDP转发请求：0.0.0.0:81<->127.0.0.1:7777
2021-04-01T11:07:44.853+0800	INFO	UDP转发请求：0.0.0.0:80<->127.0.0.1:7777
2021-04-01T11:07:44.878+0800	INFO	检测到有进程连接恶意IP0--
2021-04-01T11:07:47.755+0800	INFO	检测到有进程连接恶意IP17596--C:\Users\leavky\AppData\Local\Feishu\app\Feishu.exe
2021-04-01T11:11:03.024+0800	INFO	UDP转发请求：0.0.0.0:80<->127.0.0.1:7777
2021-04-01T11:11:03.024+0800	INFO	UDP转发请求：0.0.0.0:9306<->127.0.0.1:53
2021-04-01T11:11:03.024+0800	INFO	UDP转发请求：0.0.0.0:81<->127.0.0.1:7777
2021-04-01T11:11:03.025+0800	INFO	UDP转发请求：0.0.0.0:89<->127.0.0.1:7777
2021-04-01T11:11:03.025+0800	INFO	UDP转发请求：0.0.0.0:82<->127.0.0.1:7777
2021-04-01T11:11:03.054+0800	INFO	检测到有进程连接恶意IP0--
2021-04-13T18:49:30.408+0800	INFO	UDP转发请求：0.0.0.0:89<->127.0.0.1:7777
2021-04-13T18:49:30.408+0800	INFO	UDP转发请求：0.0.0.0:82<->127.0.0.1:7777
2021-04-13T18:49:30.408+0800	INFO	UDP转发请求：0.0.0.0:9306<->127.0.0.1:53
2021-04-13T18:49:30.408+0800	INFO	UDP转发请求：0.0.0.0:80<->127.0.0.1:7777
2021-04-13T18:49:30.408+0800	INFO	UDP转发请求：0.0.0.0:81<->127.0.0.1:7777
2021-04-13T18:51:10.227+0800	INFO	UDP转发请求：0.0.0.0:82<->127.0.0.1:7777
2021-04-13T18:51:10.227+0800	INFO	UDP转发请求：0.0.0.0:9306<->127.0.0.1:53
2021-04-13T18:51:10.228+0800	INFO	UDP转发请求：0.0.0.0:80<->127.0.0.1:7777
2021-04-13T18:51:10.228+0800	INFO	UDP转发请求：0.0.0.0:81<->127.0.0.1:7777
2021-04-13T18:51:10.228+0800	INFO	UDP转发请求：0.0.0.0:89<->127.0.0.1:7777
2021-04-13T19:16:14.421+0800	INFO	UDP转发请求：0.0.0.0:9306<->127.0.0.1:53
2021-04-13T19:16:14.421+0800	INFO	UDP转发请求：0.0.0.0:80<->127.0.0.1:7777
2021-04-13T19:16:14.421+0800	INFO	UDP转发请求：0.0.0.0:89<->127.0.0.1:7777
2021-04-13T19:16:14.421+0800	INFO	UDP转发请求：0.0.0.0:82<->127.0.0.1:7777
2021-04-13T19:16:14.421+0800	INFO	UDP转发请求：0.0.0.0:81<->127.0.0.1:7777
2021-04-13T19:27:04.952+0800	INFO	UDP转发请求：0.0.0.0:82<->127.0.0.1:7777
2021-04-13T19:27:04.952+0800	INFO	UDP转发请求：0.0.0.0:89<->127.0.0.1:7777
2021-04-13T19:27:04.952+0800	INFO	UDP转发请求：0.0.0.0:9306<->127.0.0.1:53
2021-04-13T19:27:04.953+0800	INFO	UDP转发请求：0.0.0.0:81<->127.0.0.1:7777
2021-04-13T19:27:04.953+0800	INFO	UDP转发请求：0.0.0.0:80<->127.0.0.1:7777
2021-04-13T19:34:42.361+0800	INFO	UDP转发请求：0.0.0.0:81<->127.0.0.1:7777
2021-04-13T19:34:42.361+0800	INFO	UDP转发请求：0.0.0.0:80<->127.0.0.1:7777
2021-04-13T19:34:42.361+0800	INFO	UDP转发请求：0.0.0.0:9306<->127.0.0.1:53
2021-04-13T19:34:42.361+0800	INFO	UDP转发请求：0.0.0.0:82<->127.0.0.1:7777
2021-04-13T19:34:42.362+0800	INFO	UDP转发请求：0.0.0.0:89<->127.0.0.1:7777
2021-04-13T19:36:07.005+0800	INFO	UDP转发请求：0.0.0.0:9306<->127.0.0.1:53
2021-04-13T19:36:07.006+0800	INFO	UDP转发请求：0.0.0.0:89<->127.0.0.1:7777
2021-04-13T19:36:07.005+0800	INFO	UDP转发请求：0.0.0.0:82<->127.0.0.1:7777
2021-04-13T19:36:07.006+0800	INFO	UDP转发请求：0.0.0.0:80<->127.0.0.1:7777
2021-04-13T19:36:07.006+0800	INFO	UDP转发请求：0.0.0.0:81<->127.0.0.1:7777
2021-04-13T19:36:35.259+0800	INFO	UDP转发请求：0.0.0.0:82<->127.0.0.1:7777
2021-04-13T19:36:35.259+0800	INFO	UDP转发请求：0.0.0.0:89<->127.0.0.1:7777
2021-04-13T19:36:35.259+0800	INFO	UDP转发请求：0.0.0.0:81<->127.0.0.1:7777
2021-04-13T19:36:35.259+0800	INFO	UDP转发请求：0.0.0.0:80<->127.0.0.1:7777
2021-04-13T19:36:35.259+0800	INFO	UDP转发请求：0.0.0.0:9306<->127.0.0.1:53
2021-04-13T19:37:16.501+0800	INFO	UDP转发请求：0.0.0.0:80<->127.0.0.1:7777
2021-04-13T19:37:16.501+0800	INFO	UDP转发请求：0.0.0.0:82<->127.0.0.1:7777
2021-04-13T19:37:16.501+0800	INFO	UDP转发请求：0.0.0.0:89<->127.0.0.1:7777
2021-04-13T19:37:16.501+0800	INFO	UDP转发请求：0.0.0.0:9306<->127.0.0.1:53
2021-04-13T19:37:16.502+0800	INFO	UDP转发请求：0.0.0.0:81<->127.0.0.1:7777
2021-04-13T20:19:01.179+0800	INFO	UDP转发请求：0.0.0.0:82<->127.0.0.1:7777
2021-04-13T20:19:01.179+0800	INFO	UDP转发请求：0.0.0.0:9306<->127.0.0.1:53
2021-04-13T20:19:01.179+0800	INFO	UDP转发请求：0.0.0.0:89<->127.0.0.1:7777
2021-04-13T20:19:01.179+0800	INFO	UDP转发请求：0.0.0.0:80<->127.0.0.1:7777
2021-04-13T20:19:01.180+0800	INFO	UDP转发请求：0.0.0.0:81<->127.0.0.1:7777
2021-04-13T20:19:58.874+0800	INFO	UDP转发请求：0.0.0.0:89<->127.0.0.1:7777
2021-04-13T20:19:58.874+0800	INFO	UDP转发请求：0.0.0.0:82<->127.0.0.1:7777
2021-04-13T20:19:58.874+0800	INFO	UDP转发请求：0.0.0.0:9306<->127.0.0.1:53
2021-04-13T20:19:58.874+0800	INFO	UDP转发请求：0.0.0.0:80<->127.0.0.1:7777
2021-04-13T20:19:58.874+0800	INFO	UDP转发请求：0.0.0.0:81<->127.0.0.1:7777
2021-04-13T20:22:13.422+0800	INFO	UDP转发请求：0.0.0.0:9306<->127.0.0.1:53
2021-04-13T20:22:13.422+0800	INFO	UDP转发请求：0.0.0.0:89<->127.0.0.1:7777
2021-04-13T20:22:13.422+0800	INFO	UDP转发请求：0.0.0.0:81<->127.0.0.1:7777
2021-04-13T20:22:13.422+0800	INFO	UDP转发请求：0.0.0.0:82<->127.0.0.1:7777
2021-04-13T20:22:13.422+0800	INFO	UDP转发请求：0.0.0.0:80<->127.0.0.1:7777
2021-04-13T20:22:35.446+0800	INFO	UDP转发请求：0.0.0.0:9306<->127.0.0.1:53
2021-04-13T20:22:35.446+0800	INFO	UDP转发请求：0.0.0.0:82<->127.0.0.1:7777
2021-04-13T20:22:35.446+0800	INFO	UDP转发请求：0.0.0.0:89<->127.0.0.1:7777
2021-04-13T20:22:35.446+0800	INFO	UDP转发请求：0.0.0.0:80<->127.0.0.1:7777
2021-04-13T20:22:35.446+0800	INFO	UDP转发请求：0.0.0.0:81<->127.0.0.1:7777
2021-04-13T20:25:22.379+0800	INFO	UDP转发请求：0.0.0.0:80<->127.0.0.1:7777
2021-04-13T20:25:22.379+0800	INFO	UDP转发请求：0.0.0.0:9306<->127.0.0.1:53
2021-04-13T20:25:22.379+0800	INFO	UDP转发请求：0.0.0.0:82<->127.0.0.1:7777
2021-04-13T20:25:22.379+0800	INFO	UDP转发请求：0.0.0.0:81<->127.0.0.1:7777
2021-04-13T20:25:22.380+0800	INFO	UDP转发请求：0.0.0.0:89<->127.0.0.1:7777
2021-04-13T20:26:39.486+0800	INFO	UDP转发请求：0.0.0.0:82<->127.0.0.1:7777
2021-04-13T20:26:39.487+0800	INFO	UDP转发请求：0.0.0.0:80<->127.0.0.1:7777
2021-04-13T20:26:39.487+0800	INFO	UDP转发请求：0.0.0.0:81<->127.0.0.1:7777
2021-04-13T20:26:39.487+0800	INFO	UDP转发请求：0.0.0.0:89<->127.0.0.1:7777
2021-04-13T20:26:39.486+0800	INFO	UDP转发请求：0.0.0.0:9306<->127.0.0.1:53
